{
  "artifact_hash": "<ARTIFACT_HASH>",
  "artifact_path": ".atlas/research/AAPL/provider_mock_response_final_safety_seals/<SEAL_ID>.json",
  "artifact_type": "provider_mock_response_final_safety_seal",
  "broker_touched": false,
  "contract_version": "research_provider_mock_response_final_safety_seal_v1",
  "credentials_loaded": false,
  "final_safety_seal_scope": "offline_mock_response_final_safety_seal_only",
  "final_safety_seal_state": "mock_pipeline_sealed",
  "final_safety_seal_status": "final_safety_seal_recorded",
  "live_trading_path_enabled": false,
  "mode": "paper",
  "mock_pipeline_complete": true,
  "mock_response_trusted": false,
  "network_enabled": false,
  "provider_call_allowed": false,
  "provider_id": "mock",
  "provider_mock_response_final_safety_seal_id": "<SEAL_ID>",
  "provider_response_trusted": false,
  "schema_version": "1",
  "seal_non_authorizing": true,
  "seal_valid": true,
  "source_provider_id": "mock",
  "source_run_id": "<RUN_ID>",
  "source_trust_decision_blocker_id": "<BLOCKER_ID>",
  "symbol": "AAPL",
  "trust_decision_explicitly_blocked": true,
  "trust_decision_granted": false,
  "trust_upgrade_performed": false
}
