{
  "broker_order_path_enabled": false,
  "broker_touched": false,
  "final_safety_seal_created": true,
  "live_trading_path_enabled": false,
  "match": true,
  "mock_pipeline_complete": true,
  "mock_response_trusted": false,
  "ok": true,
  "original_hash": "<ARTIFACT_HASH>",
  "provider_call_allowed": false,
  "provider_mock_response_final_safety_seal_id": "<SEAL_ID>",
  "provider_response_trusted": false,
  "replayed_hash": "<ARTIFACT_HASH>",
  "seal_non_authorizing": true,
  "seal_valid": true,
  "status": "research_provider_mock_response_final_safety_seal_replayed",
  "trust_blocker_active": true,
  "trust_decision_blocker_recorded": true,
  "trust_decision_explicitly_blocked": true,
  "trust_decision_granted": false,
  "trust_decision_present": false,
  "trust_decision_required": true,
  "trust_upgrade_performed": false
}
